sales@maid2cleanpa.com
admin@vetranocleaningservices.com
paige@poconoshousecleaning.com
procleans@cdrcleaners.com
info@wanderlustrentals.co
info@shawneeinn.com
vacation@mslresort.com
info@skhandyman.com
contact@rapidrepairguys.com
adam@summithandymanpa.com
info@trublueally.com
contact@legacythehandyman.com
info@kmbplumbing.com
info@eflaud.com
info@strongenterprises.org
info@rfohl.com
sales@scottysservices.com
server@plumberinboonenc.com
info@lehighplumbing.com
info@dualtemp.com
noah@blitzplumbing.com
contact@gorinkerinc.com
office@stingoperationpestcontrol.com
server@pestcontrolnoblesville.com
info@greenpestsolutions.com
help@thebugguyz.com
info@nimishaulinginc.com
info@absolutetrashpa.com
info@binpals.net
info@trash-grabbers.com
services@randbchimney.com
office@a-1chimney.com
sales@cleansweep.ws
chimney@fcpros.com
admin@allstateseptic.com
info@sourgum.com
info@kratzerseptic.com
info@birosseptic.com
matt@septix.com
hcase@sonlightservices.com
info@exteriorcleaningpros.com
info@hydrobritepa.com
dan@danwagnerwindowcleaning.com
info@wetwindowsguy.com
contact@summitsoftwashpa.com
service@aboveandbeyondcleanllc.com
info@pressurebrothers.com
forteca@fortecaestate.com
michael.byrne@bulldog-realty.com
reservations@hyatus.com
jwatson@thesixpm.com
candace.riedel@cgsvacationrentals.com
contact@allcountyprop.com
hawleyb@ptd.net
pkornfeind@rcn.com
info@kurtzwater.com
anjpools@hotmail.com
northcascadepools@gmail.com
alwayscleanspa@gmail.com
funinthesun.nj@gmail.com
gnj.handyservices21@gmail.com
lhhomeserv@gmail.com
handymandeluxeservices@yahoo.com
eben@eyebytes.com
hometownhandyman17@gmail.com
justinleblancpoconos@gmail.com
ecortez1992@gmail.com
hello.nau@acehomeservicescorp.com
matt@a1hvacplumbing.com
customrenovations@verizon.net
kresgeelectric@outlook.com
aokqualityservice@gmail.com
office.clearchoiceplumbing1@gmail.com
elvisehcp2021@gmail.com
pahvacstevellc@gmail.com
remarkableplumbing@gmail.com
leonclapper@msn.com
absolutepl@outlook.com
vitaleandson@gmail.com
911plumbingandheating@gmail.com
devin_isom@yahoo.com
adhomes@ptd.net
easternpestmanagement@gmail.com
forbespestcontrol@gmail.com
aspenpc@gmail.com
ridetpestcontrol@gmail.com
wecleanoutjunk@gmail.com
freedomhaulers@aol.com
randystrashcompany@gmail.com
albanesecleanouts@gmail.com
lehighvalleychimney@gmail.com
coachm60robert@aol.com
ecoamericanpump@yahoo.com
gottagoteam@outlook.com
luciano@latinotype.com
blueridgess21@gmail.com
scott@tristatesepticandsewer.com
j.schwartzsepticservices@gmail.com
dvs@4delval.com
poconowellandpump@gmail.com
info@indiantypefoundry.com
cappspowerwashing@gmail.com
greengohousewash@gmail.com
softwashexteriorspl@gmail.com
procleanservicesnepa@gmail.com
doylewindow@gmail.com
a.spowerwashing50@gmail.com
poconolodgingco@gmail.com
blackrockmanagementpa@gmail.com
castleconfident@gmail.com
thewoodhillhideout@gmail.com
lakeviewpoconos@gmail.com
